$ /Users/Shared/proyectos/ferrum/target/debug/ferrum analyze /Users/Shared/proyectos/ferrum/bench/dsl/atlas.yaml --json
(cwd=/Users/Shared/proyectos/ferrum)
exit=0 wall=0.0108s
--- stdout ---
{
  "bottlenecks": [],
  "cycles": [],
  "layers": {
    "adapter": [
      "auth.userRepository"
    ],
    "entity": [
      "analytics.analytics",
      "cart.cart",
      "catalog.catalog",
      "inventory.inventory",
      "invoice.invoice",
      "notification.notification",
      "order.order",
      "payment.payment",
      "pricing.pricing",
      "promotion.promotion",
      "shipment.shipment",
      "support.support",
      "tenant.tenant",
      "user.user",
      "BaseAudit.BaseAudit",
      "UserAudit.UserAudit",
      "TenantAudit.TenantAudit",
      "CatalogAudit.CatalogAudit",
      "InventoryAudit.InventoryAudit",
      "CartAudit.CartAudit",
      "OrderAudit.OrderAudit",
      "PaymentAudit.PaymentAudit",
      "ShipmentAudit.ShipmentAudit",
      "InvoiceAudit.InvoiceAudit",
      "AnalyticsAudit.AnalyticsAudit",
      "NotificationAudit.NotificationAudit",
      "SupportAudit.SupportAudit",
      "PricingAudit.PricingAudit",
      "PromotionAudit.PromotionAudit"
    ],
    "form": [
      "forms.UserForm",
      "forms.TenantForm",
      "forms.CatalogForm",
      "forms.InventoryForm",
      "forms.CartForm",
      "forms.OrderForm",
      "forms.PaymentForm",
      "forms.ShipmentForm",
      "forms.InvoiceForm",
      "forms.AnalyticsForm",
      "forms.NotificationForm",
      "forms.SupportForm",
      "forms.PricingForm",
      "forms.PromotionForm"
    ],
    "iot": [
      "iot.readUserSensor",
      "iot.readInvoiceSensor"
    ],
    "port": [
      "auth.userReaderPort"
    ],
    "upload": [
      "uploads.userAsset",
      "uploads.invoiceAsset"
    ],
    "usecase": [
      "analytics.createAnalytics",
      "analytics.getAnalytics",
      "analytics.listAnalyticss",
      "cart.createCart",
      "cart.getCart",
      "cart.listCarts",
      "catalog.createCatalog",
      "catalog.getCatalog",
      "catalog.listCatalogs",
      "inventory.createInventory",
      "inventory.getInventory",
      "inventory.listInventorys",
      "invoice.createInvoice",
      "invoice.getInvoice",
      "invoice.listInvoices",
      "notification.createNotification",
      "notification.getNotification",
      "notification.listNotifications",
      "order.createOrder",
      "order.getOrder",
      "order.listOrders",
      "payment.createPayment",
      "payment.getPayment",
      "payment.listPayments",
      "pricing.createPricing",
      "pricing.getPricing",
      "pricing.listPricings",
      "promotion.createPromotion",
      "promotion.getPromotion",
      "promotion.listPromotions",
      "shipment.createShipment",
      "shipment.getShipment",
      "shipment.listShipments",
      "support.createSupport",
      "support.getSupport",
      "support.listSupports",
      "tenant.createTenant",
      "tenant.getTenant",
      "tenant.listTenants",
      "user.createUser",
      "user.getUser",
      "user.listUsers",
      "realtime_sse.sseHandler",
      "auth.authService"
    ],
    "validation": [
      "validations.userIdIsValid",
      "validations.userQueryIsValid",
      "validations.userLimitIsValid",
      "validations.tenantIdIsValid",
      "validations.tenantQueryIsValid",
      "validations.catalogIdIsValid",
      "validations.catalogQueryIsValid",
      "validations.catalogLimitIsValid",
      "validations.inventoryIdIsValid",
      "validations.inventoryQueryIsValid",
      "validations.cartIdIsValid",
      "validations.cartQueryIsValid",
      "validations.cartLimitIsValid",
      "validations.orderIdIsValid",
      "validations.orderQueryIsValid",
      "validations.paymentIdIsValid",
      "validations.paymentQueryIsValid",
      "validations.paymentLimitIsValid",
      "validations.shipmentIdIsValid",
      "validations.shipmentQueryIsValid",
      "validations.invoiceIdIsValid",
      "validations.invoiceQueryIsValid",
      "validations.invoiceLimitIsValid",
      "validations.analyticsIdIsValid",
      "validations.analyticsQueryIsValid",
      "validations.notificationIdIsValid",
      "validations.notificationQueryIsValid",
      "validations.notificationLimitIsValid",
      "validations.supportIdIsValid",
      "validations.supportQueryIsValid",
      "validations.pricingIdIsValid",
      "validations.pricingQueryIsValid",
      "validations.pricingLimitIsValid",
      "validations.promotionIdIsValid",
      "validations.promotionQueryIsValid"
    ]
  }
}
--- stderr ---
