[debug] [2025-05-29T00:24:04.147Z] ----------------------------------------------------------------------
[debug] [2025-05-29T00:24:04.149Z] Command:       /nix/store/rbdrkcs5kkwpalxcd7c6bnm33lk2955n-nodejs-20.19.0/bin/node /nix/store/x1y0l2xj62jgmz6csprhhqzibvdggdpk-firebase-tools-14.3.1/lib/node_modules/firebase-tools/lib/bin/firebase.js init hosting
[debug] [2025-05-29T00:24:04.149Z] CLI Version:   14.3.1
[debug] [2025-05-29T00:24:04.149Z] Platform:      linux
[debug] [2025-05-29T00:24:04.150Z] Node Version:  v20.19.0
[debug] [2025-05-29T00:24:04.150Z] Time:          Thu May 29 2025 00:24:04 GMT+0000 (Coordinated Universal Time)
[debug] [2025-05-29T00:24:04.150Z] ----------------------------------------------------------------------
[debug] 
[debug] [2025-05-29T00:24:04.156Z] > command requires scopes: ["email","openid","https://www.googleapis.com/auth/cloudplatformprojects.readonly","https://www.googleapis.com/auth/firebase","https://www.googleapis.com/auth/cloud-platform"]
[debug] [2025-05-29T00:24:49.567Z] Running auto auth
[info] 
     ######## #### ########  ######## ########     ###     ######  ########
     ##        ##  ##     ## ##       ##     ##  ##   ##  ##       ##
     ######    ##  ########  ######   ########  #########  ######  ######
     ##        ##  ##    ##  ##       ##     ## ##     ##       ## ##
     ##       #### ##     ## ######## ########  ##     ##  ######  ########

You're about to initialize a Firebase project in this directory:

  /home/user/SemanticCodeGraph

[info] 
=== Project Setup
[info] 
[info] First, let's associate this project directory with a Firebase project.
[info] You can create multiple project aliases by running firebase use --add, 
[info] but for now we'll just set up a default project.
[info] 
